// Jest Snapshot v1, https://goo.gl/fbAQLP

exports[`should match the snapshot (good Practice) 1`] = `
<div
  className="counterContainer"
>
  <div>
    <span
      className="commonText"
    >
      test
    </span>
  </div>
  <div
    className="counterNumberContainer"
  >
    <span
      className="commonText"
    >
      0
    </span>
  </div>
  <div>
    <button
      className="styledButton decrementButton"
    >
      <span
        className="commonText"
      >
        -
      </span>
    </button>
    <button
      className="styledButton incrementButton"
    >
      <span
        className="commonText"
      >
        +
      </span>
    </button>
  </div>
</div>
`;
